// Jest Snapshot v1, https://goo.gl/fbAQLP

exports[`Avatar Component Renders correctly 1`] = `ShallowWrapper {}`;
