// Jest Snapshot v1, https://goo.gl/fbAQLP

exports[`Fab Component Renders correctly 1`] = `ShallowWrapper {}`;
