// Jest Snapshot v1, https://goo.gl/fbAQLP

exports[`ActionButton Component Renders correctly 1`] = `ShallowWrapper {}`;
