// Jest Snapshot v1, https://goo.gl/fbAQLP

exports[`BackButton Component Renders correctly 1`] = `ShallowWrapper {}`;
